// Jest Snapshot v1, https://goo.gl/fbAQLP

exports[`renders empty block with react proptype error 1`] = `""`;

exports[`renders uses empty array instead of undefined/null blocks prop 1`] = `""`;

exports[`renders uses empty array instead of undefined/null blocks prop 2`] = `""`;
